/home/user/ashes_crr/studies/sota1/env/.venv/lib/python3.12/site-packages/torch/jit/_script.py:1491: FutureWarning: `torch.jit.script` is deprecated. Please switch to `torch.compile` or `torch.export`.
  warnings.warn(
[WARNING] 26-Sep-26 11:56:31 - No default configuration found in models/config/ewc_on.yaml.
[WARNING] 26-Sep-26 11:56:31 - Default configuration file not found for dataset seq-cifar100-local. Using the defaults specified in the dataset class (if available).
usage: main.py [--loadcheck LOADCHECK]
               [--dataset {seq-cifar100,seq-cifar100-local}]
               [--model {gem,er,derpp,icarl,crr-scl,ewc-on,mer,er-ace,lwf,sgd,joint,xder,gdumb,gss,agem}]
               [--backbone {preact-resnet18,resnet18,resnet18-7x7-pt,reduced-resnet18,resnet34,resnet18-spr,mnistmlp}]
               [--load_best_args] [--dataset_config {}]
               [--model_config MODEL_CONFIG] --e_lambda E_LAMBDA --gamma GAMMA
               [-h] [--num_classes NUM_CLASSES] [--seed SEED]
               [--permute_classes PERMUTE_CLASSES] [--base_path BASE_PATH]
               [--checkpoint_path CHECKPOINT_PATH]
               [--results_path RESULTS_PATH] [--device DEVICE] [--notes NOTES]
               [--eval_epochs EVAL_EPOCHS] [--non_verbose NON_VERBOSE]
               [--disable_log DISABLE_LOG] [--num_workers NUM_WORKERS]
               [--enable_other_metrics ENABLE_OTHER_METRICS]
               [--debug_mode DEBUG_MODE] [--inference_only INFERENCE_ONLY]
               [-O {0,1,2,3}] [--distributed {no,dp,ddp}]
               [--savecheck {last,task}]
               [--save_checkpoint_mode {old_pickle,safe}]
               [--ckpt_name CKPT_NAME] [--start_from START_FROM]
               [--stop_after STOP_AFTER]
               [--save_after_interrupt SAVE_AFTER_INTERRUPT]
               [--wandb_name WANDB_NAME] [--wandb_entity WANDB_ENTITY]
               [--wandb_project WANDB_PROJECT] --lr LR
               [--batch_size BATCH_SIZE] [--label_perc_by_task LABEL_PERC]
               [--label_perc_by_class LABEL_PERC_BY_CLASS] [--joint {0,1}]
               [--eval_future EVAL_FUTURE]
               [--custom_task_order CUSTOM_TASK_ORDER]
               [--custom_class_order CUSTOM_CLASS_ORDER]
               [--validation VALIDATION]
               [--validation_mode {complete,current}]
               [--fitting_mode {epochs,iters,time,early_stopping}]
               [--early_stopping_patience EARLY_STOPPING_PATIENCE]
               [--early_stopping_metric {loss,accuracy}]
               [--early_stopping_freq EARLY_STOPPING_FREQ]
               [--early_stopping_epsilon EARLY_STOPPING_EPSILON]
               [--n_epochs N_EPOCHS] [--n_iters N_ITERS]
               [--optimizer {sgd,adam,adamw}] [--optim_wd OPTIM_WD]
               [--optim_mom OPTIM_MOM] [--optim_nesterov OPTIM_NESTEROV]
               [--drop_last DROP_LAST] [--lr_scheduler LR_SCHEDULER]
               [--scheduler_mode {epoch,iter}]
               [--lr_milestones LR_MILESTONES [LR_MILESTONES ...]]
               [--sched_multistep_lr_gamma SCHED_MULTISTEP_LR_GAMMA]
               [--noise_type NOISE_TYPE] [--noise_rate NOISE_RATE]
               [--disable_noisy_labels_cache DISABLE_NOISY_LABELS_CACHE]
               [--cache_path_noisy_labels CACHE_PATH_NOISY_LABELS]
main.py: error: unrecognized arguments: --buffer_size 2000 --minibatch_size 10
